e89eb17dddb10bbda154db96cc752bd3  MD_CHW_AAS_10179.head500.bam
