385291917cf73e2bea73100ff88f181c  MD_CHW_AAS_10011.head500.bam
